// Jest Snapshot v1, https://goo.gl/fbAQLP

exports[`components App Match Snapshot 1`] = `ShallowWrapper {}`;
