// Jest Snapshot v1, https://goo.gl/fbAQLP

exports[`components MainWrapper Match Snapshot 1`] = `ShallowWrapper {}`;
