// Jest Snapshot v1, https://goo.gl/fbAQLP

exports[`components App should render 1`] = `ShallowWrapper {}`;

exports[`components NotFound should match snapshot 1`] = `ShallowWrapper {}`;

exports[`components NotFound should render 1`] = `ShallowWrapper {}`;
