// Jest Snapshot v1, https://goo.gl/fbAQLP

exports[`components DashboardComponent Match Snapshot 1`] = `ShallowWrapper {}`;
