// Jest Snapshot v1, https://goo.gl/fbAQLP

exports[`components ShipmentForm To match snapshot 1`] = `ShallowWrapper {}`;
